// Jest Snapshot v1, https://goo.gl/fbAQLP

exports[`getPostQuery given the post exists should return the post 1`] = `
{
  "id": "907b0a0b-9a12-4073-ab27-3ad5927955e9",
  "title": "Mock post",
}
`;
