// Jest Snapshot v1, https://goo.gl/fbAQLP

exports[`listPostsQuery given a valid query should list posts 1`] = `
{
  "count": 11,
  "hasNextPage": false,
  "hasPreviousPage": true,
  "pageNumber": 2,
  "pageSize": 10,
  "posts": [
    {
      "id": "907b0a0b-9a12-4073-ab27-3ad5927955e9",
      "title": "Mock post",
    },
  ],
  "totalPages": 2,
}
`;
